Archive member included to satisfy reference by file (symbol)

c:/program files (x86)/atmel/studio/7.0/toolchain/arm/arm-gnu-toolchain/bin/../lib/gcc/arm-none-eabi/6.3.1/thumb/v7-m\libgcc.a(_arm_addsubsf3.o)
                              PID.o (__aeabi_i2f)
c:/program files (x86)/atmel/studio/7.0/toolchain/arm/arm-gnu-toolchain/bin/../lib/gcc/arm-none-eabi/6.3.1/thumb/v7-m\libgcc.a(_arm_muldivsf3.o)
                              PID.o (__aeabi_fmul)
c:/program files (x86)/atmel/studio/7.0/toolchain/arm/arm-gnu-toolchain/bin/../lib/gcc/arm-none-eabi/6.3.1/thumb/v7-m\libgcc.a(_arm_fixsfsi.o)
                              PID.o (__aeabi_f2iz)
c:/program files (x86)/atmel/studio/7.0/toolchain/arm/arm-gnu-toolchain/bin/../lib/gcc/arm-none-eabi/6.3.1/../../../../arm-none-eabi/lib/thumb/v7-m\libc.a(lib_a-exit.o)
                              c:/program files (x86)/atmel/studio/7.0/toolchain/arm/arm-gnu-toolchain/bin/../lib/gcc/arm-none-eabi/6.3.1/../../../../arm-none-eabi/lib/thumb/v7-m/crt0.o (exit)
c:/program files (x86)/atmel/studio/7.0/toolchain/arm/arm-gnu-toolchain/bin/../lib/gcc/arm-none-eabi/6.3.1/../../../../arm-none-eabi/lib/thumb/v7-m\libc.a(lib_a-impure.o)
                              c:/program files (x86)/atmel/studio/7.0/toolchain/arm/arm-gnu-toolchain/bin/../lib/gcc/arm-none-eabi/6.3.1/../../../../arm-none-eabi/lib/thumb/v7-m\libc.a(lib_a-exit.o) (_global_impure_ptr)
c:/program files (x86)/atmel/studio/7.0/toolchain/arm/arm-gnu-toolchain/bin/../lib/gcc/arm-none-eabi/6.3.1/../../../../arm-none-eabi/lib/thumb/v7-m\libc.a(lib_a-init.o)
                              c:/program files (x86)/atmel/studio/7.0/toolchain/arm/arm-gnu-toolchain/bin/../lib/gcc/arm-none-eabi/6.3.1/../../../../arm-none-eabi/lib/thumb/v7-m/crt0.o (__libc_init_array)
c:/program files (x86)/atmel/studio/7.0/toolchain/arm/arm-gnu-toolchain/bin/../lib/gcc/arm-none-eabi/6.3.1/../../../../arm-none-eabi/lib/thumb/v7-m\libc.a(lib_a-memset.o)
                              c:/program files (x86)/atmel/studio/7.0/toolchain/arm/arm-gnu-toolchain/bin/../lib/gcc/arm-none-eabi/6.3.1/../../../../arm-none-eabi/lib/thumb/v7-m/crt0.o (memset)
c:/program files (x86)/atmel/studio/7.0/toolchain/arm/arm-gnu-toolchain/bin/../lib/gcc/arm-none-eabi/6.3.1/../../../../arm-none-eabi/lib/thumb/v7-m\libc.a(lib_a-__call_atexit.o)
                              c:/program files (x86)/atmel/studio/7.0/toolchain/arm/arm-gnu-toolchain/bin/../lib/gcc/arm-none-eabi/6.3.1/../../../../arm-none-eabi/lib/thumb/v7-m\libc.a(lib_a-exit.o) (__call_exitprocs)
c:/program files (x86)/atmel/studio/7.0/toolchain/arm/arm-gnu-toolchain/bin/../lib/gcc/arm-none-eabi/6.3.1/../../../../arm-none-eabi/lib/thumb/v7-m\libc.a(lib_a-atexit.o)
                              c:/program files (x86)/atmel/studio/7.0/toolchain/arm/arm-gnu-toolchain/bin/../lib/gcc/arm-none-eabi/6.3.1/../../../../arm-none-eabi/lib/thumb/v7-m\libc.a(lib_a-__call_atexit.o) (atexit)
c:/program files (x86)/atmel/studio/7.0/toolchain/arm/arm-gnu-toolchain/bin/../lib/gcc/arm-none-eabi/6.3.1/../../../../arm-none-eabi/lib/thumb/v7-m\libc.a(lib_a-fini.o)
                              c:/program files (x86)/atmel/studio/7.0/toolchain/arm/arm-gnu-toolchain/bin/../lib/gcc/arm-none-eabi/6.3.1/../../../../arm-none-eabi/lib/thumb/v7-m\libc.a(lib_a-__call_atexit.o) (__libc_fini_array)
c:/program files (x86)/atmel/studio/7.0/toolchain/arm/arm-gnu-toolchain/bin/../lib/gcc/arm-none-eabi/6.3.1/../../../../arm-none-eabi/lib/thumb/v7-m\libc.a(lib_a-lock.o)
                              c:/program files (x86)/atmel/studio/7.0/toolchain/arm/arm-gnu-toolchain/bin/../lib/gcc/arm-none-eabi/6.3.1/../../../../arm-none-eabi/lib/thumb/v7-m\libc.a(lib_a-__call_atexit.o) (__retarget_lock_acquire_recursive)
c:/program files (x86)/atmel/studio/7.0/toolchain/arm/arm-gnu-toolchain/bin/../lib/gcc/arm-none-eabi/6.3.1/../../../../arm-none-eabi/lib/thumb/v7-m\libc.a(lib_a-__atexit.o)
                              c:/program files (x86)/atmel/studio/7.0/toolchain/arm/arm-gnu-toolchain/bin/../lib/gcc/arm-none-eabi/6.3.1/../../../../arm-none-eabi/lib/thumb/v7-m\libc.a(lib_a-atexit.o) (__register_exitproc)

Allocating common symbols
Common symbol       size              file

__lock___atexit_recursive_mutex
                    0x1               c:/program files (x86)/atmel/studio/7.0/toolchain/arm/arm-gnu-toolchain/bin/../lib/gcc/arm-none-eabi/6.3.1/../../../../arm-none-eabi/lib/thumb/v7-m\libc.a(lib_a-lock.o)
__lock___arc4random_mutex
                    0x1               c:/program files (x86)/atmel/studio/7.0/toolchain/arm/arm-gnu-toolchain/bin/../lib/gcc/arm-none-eabi/6.3.1/../../../../arm-none-eabi/lib/thumb/v7-m\libc.a(lib_a-lock.o)
__lock___env_recursive_mutex
                    0x1               c:/program files (x86)/atmel/studio/7.0/toolchain/arm/arm-gnu-toolchain/bin/../lib/gcc/arm-none-eabi/6.3.1/../../../../arm-none-eabi/lib/thumb/v7-m\libc.a(lib_a-lock.o)
__lock___sinit_recursive_mutex
[...]
Memory Configuration

Name             Origin             Length             Attributes
rom              0x00080000         0x00080000         xr
ram              0x20000000         0x00018000         xrw
*default*        0x00000000         0xffffffff

Linker script and memory map

LOAD c:/program files (x86)/atmel/studio/7.0/toolchain/arm/arm-gnu-toolchain/bin/../lib/gcc/arm-none-eabi/6.3.1/thumb/v7-m/crti.o
LOAD c:/program files (x86)/atmel/studio/7.0/toolchain/arm/arm-gnu-toolchain/bin/../lib/gcc/arm-none-eabi/6.3.1/thumb/v7-m/crtbegin.o
LOAD c:/program files (x86)/atmel/studio/7.0/toolchain/arm/arm-gnu-toolchain/bin/../lib/gcc/arm-none-eabi/6.3.1/../../../../arm-none-eabi/lib/thumb/v7-m/crt0.o
LOAD ADC.o
LOAD CAN.o
LOAD can_controller.o
LOAD can_interrupt.o
LOAD DAC.o
LOAD Device_Startup/startup_sam3xa.o
LOAD Device_Startup/system_sam3xa.o
LOAD Game.o
LOAD Joystick.o
LOAD main.o
LOAD Motor.o
LOAD PID.o
LOAD printf-stdarg.o
LOAD PWM.o
LOAD Solenoid.o
LOAD Timer.o
LOAD uart.o
START GROUP
LOAD c:/program files (x86)/atmel/studio/7.0/toolchain/arm/arm-gnu-toolchain/bin/../lib/gcc/arm-none-eabi/6.3.1/../../../../arm-none-eabi/lib/thumb/v7-m\libm.a
END GROUP
START GROUP
LOAD c:/program files (x86)/atmel/studio/7.0/toolchain/arm/arm-gnu-toolchain/bin/../lib/gcc/arm-none-eabi/6.3.1/thumb/v7-m\libgcc.a
LOAD c:/program files (x86)/atmel/studio/7.0/toolchain/arm/arm-gnu-toolchain/bin/../lib/gcc/arm-none-eabi/6.3.1/../../../../arm-none-eabi/lib/thumb/v7-m\libc.a
END GROUP
LOAD c:/program files (x86)/atmel/studio/7.0/toolchain/arm/arm-gnu-toolchain/bin/../lib/gcc/arm-none-eabi/6.3.1/thumb/v7-m/crtend.o
LOAD c:/program files (x86)/atmel/studio/7.0/toolchain/arm/arm-gnu-toolchain/bin/../lib/gcc/arm-none-eabi/6.3.1/thumb/v7-m/crtn.o
                0x00000400                STACK_SIZE = DEFINED (STACK_SIZE)?STACK_SIZE:0x400
                0x00000200                HEAP_SIZE = DEFINED (HEAP_SIZE)?HEAP_SIZE:0x200

.text           0x00080000     0x16a0
                0x00080000                . = ALIGN (0x4)
                0x00080000                _sfixed = .
 *(.vectors .vectors.*)
 .vectors       0x00080000       0xf4 Device_Startup/startup_sam3xa.o
                0x00080000                exception_table
 *(.text .text.* .gnu.linkonce.t.*)
 .text          0x000800f4       0x6c c:/program files (x86)/atmel/studio/7.0/toolchain/arm/arm-gnu-toolchain/bin/../lib/gcc/arm-none-eabi/6.3.1/thumb/v7-m/crtbegin.o
 .text.ADC_init
                0x00080160       0x30 ADC.o
                0x00080160                ADC_init
 .text.ADC_read
                0x00080190       0x18 ADC.o
                0x00080190                ADC_read
 .text.CAN_use  0x000801a8       0xd0 CAN.o
                0x000801a8                CAN_use
 .text.can_init
                0x00080278       0xe4 can_controller.o
                0x00080278                can_init
 .text.can_init_def_tx_rx_mb
                0x0008035c       0x10 can_controller.o
                0x0008035c                can_init_def_tx_rx_mb
 .text.can_send
                0x0008036c       0x8c can_controller.o
                0x0008036c                can_send
 .text.can_receive
                0x000803f8       0x84 can_controller.o
                0x000803f8                can_receive
 .text.CAN0_Handler
                0x0008047c       0x70 can_interrupt.o
                0x0008047c                CAN0_Handler
 .text.dac_write
                0x000804ec        0xc DAC.o
                0x000804ec                dac_write
 .text.dac_init
                0x000804f8       0x38 DAC.o
                0x000804f8                dac_init
 .text.Dummy_Handler
                0x00080530        0x2 Device_Startup/startup_sam3xa.o
                0x00080530                DACC_Handler
                0x00080530                DebugMon_Handler
                0x00080530                DMAC_Handler
                0x00080530                TRNG_Handler
                0x00080530                HardFault_Handler
                0x00080530                TC2_Handler
                0x00080530                USART3_Handler
                0x00080530                TWI1_Handler
                0x00080530                PendSV_Handler
                0x00080530                NMI_Handler
                0x00080530                TC7_Handler
                0x00080530                ADC_Handler
                0x00080530                SMC_Handler
                0x00080530                USART0_Handler
                0x00080530                RTT_Handler
                0x00080530                EFC1_Handler
                0x00080530                PIOB_Handler
                0x00080530                RTC_Handler
                0x00080530                UsageFault_Handler
                0x00080530                TC6_Handler
                0x00080530                WDT_Handler
                0x00080530                TC4_Handler
                0x00080530                TC1_Handler
                0x00080530                HSMCI_Handler
                0x00080530                TC3_Handler
                0x00080530                Dummy_Handler
                0x00080530                TWI0_Handler
                0x00080530                USART1_Handler
                0x00080530                PIOA_Handler
                0x00080530                SSC_Handler
                0x00080530                EFC0_Handler
                0x00080530                PMC_Handler
                0x00080530                PWM_Handler
                0x00080530                CAN1_Handler
                0x00080530                MemManage_Handler
                0x00080530                SUPC_Handler
                0x00080530                SVC_Handler
                0x00080530                TC8_Handler
                0x00080530                USART2_Handler
                0x00080530                PIOD_Handler
                0x00080530                EMAC_Handler
                0x00080530                PIOC_Handler
                0x00080530                BusFault_Handler
                0x00080530                RSTC_Handler
                0x00080530                TC0_Handler
                0x00080530                TC5_Handler
                0x00080530                UOTGHS_Handler
                0x00080530                SPI0_Handler
 *fill*         0x00080532        0x2 
 .text.Reset_Handler
                0x00080534       0x6c Device_Startup/startup_sam3xa.o
                0x00080534                Reset_Handler
 .text.SystemInit
                0x000805a0       0xa4 Device_Startup/system_sam3xa.o
                0x000805a0                SystemInit
 .text.score_count
                0x00080644       0xc0 Game.o
                0x00080644                score_count
 .text.joy_read_x
                0x00080704       0x50 Joystick.o
                0x00080704                joy_read_x
 .text.main     0x00080754       0x8c main.o
                0x00080754                main
 .text.scale_encoder_value
                0x000807e0       0x18 Motor.o
 .text.motor_init
                0x000807f8       0x4c Motor.o
                0x000807f8                motor_init
 .text.motor_disable
                0x00080844       0x1c Motor.o
                0x00080844                motor_disable
 .text.motor_enable
                0x00080860       0x10 Motor.o
                0x00080860                motor_enable
 .text.motor_encoder
                0x00080870       0x6c Motor.o
                0x00080870                motor_encoder
 .text.motor_joystick_PID
                0x000808dc       0x74 Motor.o
                0x000808dc                motor_joystick_PID
 .text.pid_controller_init
                0x00080950       0x30 PID.o
                0x00080950                pid_controller_init
 .text.pid_controller
                0x00080980       0x6c PID.o
                0x00080980                pid_controller
 .text.printchar
                0x000809ec       0x10 printf-stdarg.o
 .text.prints   0x000809fc       0x84 printf-stdarg.o
 .text.printi   0x00080a80       0xac printf-stdarg.o
 .text.print    0x00080b2c      0x150 printf-stdarg.o
 .text.printf   0x00080c7c       0x24 printf-stdarg.o
                0x00080c7c                printf
 .text.PWM_init
                0x00080ca0       0x68 PWM.o
                0x00080ca0                PWM_init
 .text.set_servo_pos
                0x00080d08       0x2c PWM.o
                0x00080d08                set_servo_pos
 .text.Solenoid_init
                0x00080d34       0x20 Solenoid.o
                0x00080d34                Solenoid_init
 .text.Solenoid_pulse
                0x00080d54       0x48 Solenoid.o
                0x00080d54                Solenoid_pulse
 .text.delay_us
                0x00080d9c       0x38 Timer.o
                0x00080d9c                delay_us
 .text.delay_ms
                0x00080dd4       0x3c Timer.o
                0x00080dd4                delay_ms
 .text.SysTick_Handler
                0x00080e10       0x10 Timer.o
                0x00080e10                SysTick_Handler
 .text.configure_uart
                0x00080e20       0x68 uart.o
                0x00080e20                configure_uart
 .text.uart_putchar
                0x00080e88       0x24 uart.o
                0x00080e88                uart_putchar
 .text.UART_Handler
                0x00080eac       0x68 uart.o
                0x00080eac                UART_Handler
 .text          0x00080f14      0x21c c:/program files (x86)/atmel/studio/7.0/toolchain/arm/arm-gnu-toolchain/bin/../lib/gcc/arm-none-eabi/6.3.1/thumb/v7-m\libgcc.a(_arm_addsubsf3.o)
                0x00080f14                __aeabi_frsub
                0x00080f1c                __subsf3
                0x00080f1c                __aeabi_fsub
                0x00080f20                __aeabi_fadd
                0x00080f20                __addsf3
                0x00081080                __aeabi_ui2f
                0x00081080                __floatunsisf
                0x00081088                __aeabi_i2f
                0x00081088                __floatsisf
                0x000810a4                __aeabi_ul2f
                0x000810a4                __floatundisf
                0x000810b4                __aeabi_l2f
                0x000810b4                __floatdisf
 .text          0x00081130      0x2a0 c:/program files (x86)/atmel/studio/7.0/toolchain/arm/arm-gnu-toolchain/bin/../lib/gcc/arm-none-eabi/6.3.1/thumb/v7-m\libgcc.a(_arm_muldivsf3.o)
                0x00081130                __mulsf3
                0x00081130                __aeabi_fmul
                0x00081298                __aeabi_fdiv
                0x00081298                __divsf3
 .text          0x000813d0       0x4c c:/program files (x86)/atmel/studio/7.0/toolchain/arm/arm-gnu-toolchain/bin/../lib/gcc/arm-none-eabi/6.3.1/thumb/v7-m\libgcc.a(_arm_fixsfsi.o)
                0x000813d0                __aeabi_f2iz
                0x000813d0                __fixsfsi
 .text.__libc_init_array
                0x0008141c       0x50 c:/program files (x86)/atmel/studio/7.0/toolchain/arm/arm-gnu-toolchain/bin/../lib/gcc/arm-none-eabi/6.3.1/../../../../arm-none-eabi/lib/thumb/v7-m\libc.a(lib_a-init.o)
                0x0008141c                __libc_init_array
 .text.startup.register_fini
                0x0008146c       0x14 c:/program files (x86)/atmel/studio/7.0/toolchain/arm/arm-gnu-toolchain/bin/../lib/gcc/arm-none-eabi/6.3.1/../../../../arm-none-eabi/lib/thumb/v7-m\libc.a(lib_a-__call_atexit.o)
 .text.atexit   0x00081480        0xc c:/program files (x86)/atmel/studio/7.0/toolchain/arm/arm-gnu-toolchain/bin/../lib/gcc/arm-none-eabi/6.3.1/../../../../arm-none-eabi/lib/thumb/v7-m\libc.a(lib_a-atexit.o)
                0x00081480                atexit
 .text.__libc_fini_array
                0x0008148c       0x34 c:/program files (x86)/atmel/studio/7.0/toolchain/arm/arm-gnu-toolchain/bin/../lib/gcc/arm-none-eabi/6.3.1/../../../../arm-none-eabi/lib/thumb/v7-m\libc.a(lib_a-fini.o)
                0x0008148c                __libc_fini_array
 .text.__retarget_lock_acquire_recursive
                0x000814c0        0x4 c:/program files (x86)/atmel/studio/7.0/toolchain/arm/arm-gnu-toolchain/bin/../lib/gcc/arm-none-eabi/6.3.1/../../../../arm-none-eabi/lib/thumb/v7-m\libc.a(lib_a-lock.o)
                0x000814c0                __retarget_lock_acquire_recursive
 .text.__retarget_lock_release_recursive
                0x000814c4        0x4 c:/program files (x86)/atmel/studio/7.0/toolchain/arm/arm-gnu-toolchain/bin/../lib/gcc/arm-none-eabi/6.3.1/../../../../arm-none-eabi/lib/thumb/v7-m\libc.a(lib_a-lock.o)
                0x000814c4                __retarget_lock_release_recursive
 .text.__register_exitproc
                0x000814c8       0xc4 c:/program files (x86)/atmel/studio/7.0/toolchain/arm/arm-gnu-toolchain/bin/../lib/gcc/arm-none-eabi/6.3.1/../../../../arm-none-eabi/lib/thumb/v7-m\libc.a(lib_a-__atexit.o)
                0x000814c8                __register_exitproc
 *(.glue_7t)
 .glue_7t       0x0008158c        0x0 linker stubs
 *(.glue_7)
 .glue_7        0x0008158c        0x0 linker stubs
 *(.rodata .rodata* .gnu.linkonce.r.*)
 .rodata.str1.4
                0x0008158c       0x2f CAN.o
 *fill*         0x000815bb        0x1 
 .rodata.str1.4
                0x000815bc       0x30 can_interrupt.o
 .rodata.str1.4
                0x000815ec       0x22 Game.o
 *fill*         0x0008160e        0x2 
 .rodata.str1.4
                0x00081610       0x40 Motor.o
 .rodata.str1.4
                0x00081650        0x7 printf-stdarg.o
 *fill*         0x00081657        0x1 
 .rodata.str1.4
                0x00081658       0x20 uart.o
                                 0x1e (size before relaxing)
 .rodata._global_impure_ptr
                0x00081678        0x4 c:/program files (x86)/atmel/studio/7.0/toolchain/arm/arm-gnu-toolchain/bin/../lib/gcc/arm-none-eabi/6.3.1/../../../../arm-none-eabi/lib/thumb/v7-m\libc.a(lib_a-impure.o)
                0x00081678                _global_impure_ptr
 *(.ARM.extab* .gnu.linkonce.armextab.*)
                0x0008167c                . = ALIGN (0x4)
 *(.init)
 .init          0x0008167c        0x4 c:/program files (x86)/atmel/studio/7.0/toolchain/arm/arm-gnu-toolchain/bin/../lib/gcc/arm-none-eabi/6.3.1/thumb/v7-m/crti.o
                0x0008167c                _init
 .init          0x00081680        0x8 c:/program files (x86)/atmel/studio/7.0/toolchain/arm/arm-gnu-toolchain/bin/../lib/gcc/arm-none-eabi/6.3.1/thumb/v7-m/crtn.o
                0x00081688                . = ALIGN (0x4)
                0x00081688                __preinit_array_start = .
 *(.preinit_array)
                0x00081688                __preinit_array_end = .
                0x00081688                . = ALIGN (0x4)
                0x00081688                __init_array_start = .
 *(SORT(.init_array.*))
 .init_array.00000
                0x00081688        0x4 c:/program files (x86)/atmel/studio/7.0/toolchain/arm/arm-gnu-toolchain/bin/../lib/gcc/arm-none-eabi/6.3.1/../../../../arm-none-eabi/lib/thumb/v7-m\libc.a(lib_a-__call_atexit.o)
 *(.init_array)
 .init_array    0x0008168c        0x4 c:/program files (x86)/atmel/studio/7.0/toolchain/arm/arm-gnu-toolchain/bin/../lib/gcc/arm-none-eabi/6.3.1/thumb/v7-m/crtbegin.o
                0x00081690                __init_array_end = .
                0x00081690                . = ALIGN (0x4)
 *crtbegin.o(.ctors)
 *(EXCLUDE_FILE(*crtend.o) .ctors)
 *(SORT(.ctors.*))
 *crtend.o(.ctors)
                0x00081690                . = ALIGN (0x4)
 *(.fini)
 .fini          0x00081690        0x4 c:/program files (x86)/atmel/studio/7.0/toolchain/arm/arm-gnu-toolchain/bin/../lib/gcc/arm-none-eabi/6.3.1/thumb/v7-m/crti.o
                0x00081690                _fini
 .fini          0x00081694        0x8 c:/program files (x86)/atmel/studio/7.0/toolchain/arm/arm-gnu-toolchain/bin/../lib/gcc/arm-none-eabi/6.3.1/thumb/v7-m/crtn.o
                0x0008169c                . = ALIGN (0x4)
                0x0008169c                __fini_array_start = .
 *(.fini_array)
 .fini_array    0x0008169c        0x4 c:/program files (x86)/atmel/studio/7.0/toolchain/arm/arm-gnu-toolchain/bin/../lib/gcc/arm-none-eabi/6.3.1/thumb/v7-m/crtbegin.o
 *(SORT(.fini_array.*))
                0x000816a0                __fini_array_end = .
 *crtbegin.o(.dtors)
 *(EXCLUDE_FILE(*crtend.o) .dtors)
 *(SORT(.dtors.*))
 *crtend.o(.dtors)
                0x000816a0                . = ALIGN (0x4)
                0x000816a0                _efixed = .
                [!provide]                PROVIDE (__exidx_start, .)

.vfp11_veneer   0x000816a0        0x0
 .vfp11_veneer  0x000816a0        0x0 linker stubs

.v4_bx          0x000816a0        0x0
 .v4_bx         0x000816a0        0x0 linker stubs

.iplt           0x000816a0        0x0
 .iplt          0x000816a0        0x0 c:/program files (x86)/atmel/studio/7.0/toolchain/arm/arm-gnu-toolchain/bin/../lib/gcc/arm-none-eabi/6.3.1/thumb/v7-m/crtbegin.o

.eh_frame       0x000816a0        0x0
 .eh_frame      0x000816a0        0x0 c:/program files (x86)/atmel/studio/7.0/toolchain/arm/arm-gnu-toolchain/bin/../lib/gcc/arm-none-eabi/6.3.1/thumb/v7-m/crtbegin.o

.rel.dyn        0x000816a0        0x0
 .rel.iplt      0x000816a0        0x0 c:/program files (x86)/atmel/studio/7.0/toolchain/arm/arm-gnu-toolchain/bin/../lib/gcc/arm-none-eabi/6.3.1/thumb/v7-m/crtbegin.o

.jcr            0x000816a0        0x0
 .jcr           0x000816a0        0x0 c:/program files (x86)/atmel/studio/7.0/toolchain/arm/arm-gnu-toolchain/bin/../lib/gcc/arm-none-eabi/6.3.1/thumb/v7-m/crtbegin.o

.igot.plt       0x000816a0        0x0
 .igot.plt      0x000816a0        0x0 c:/program files (x86)/atmel/studio/7.0/toolchain/arm/arm-gnu-toolchain/bin/../lib/gcc/arm-none-eabi/6.3.1/thumb/v7-m/crtbegin.o

.ARM.exidx
 *(.ARM.exidx* .gnu.linkonce.armexidx.*)
                [!provide]                PROVIDE (__exidx_end, .)
                0x000816a0                . = ALIGN (0x4)
                0x000816a0                _etext = .

.relocate       0x20000000      0x43c load address 0x000816a0
                0x20000000                . = ALIGN (0x4)
                0x20000000                _srelocate = .
 *(.ramfunc .ramfunc.*)
 *(.data .data.*)
 .data          0x20000000        0x4 Device_Startup/system_sam3xa.o
                0x20000000                SystemCoreClock
 .data          0x20000004        0x8 Game.o
                0x20000004                pause
                0x20000008                lives
 .data          0x2000000c        0x4 Joystick.o
                0x2000000c                x_offset
 .data.impure_data
                0x20000010      0x428 c:/program files (x86)/atmel/studio/7.0/toolchain/arm/arm-gnu-toolchain/bin/../lib/gcc/arm-none-eabi/6.3.1/../../../../arm-none-eabi/lib/thumb/v7-m\libc.a(lib_a-impure.o)
 .data.__atexit_recursive_mutex
                0x20000438        0x4 c:/program files (x86)/atmel/studio/7.0/toolchain/arm/arm-gnu-toolchain/bin/../lib/gcc/arm-none-eabi/6.3.1/../../../../arm-none-eabi/lib/thumb/v7-m\libc.a(lib_a-__call_atexit.o)
                0x20000438                __atexit_recursive_mutex
                0x2000043c                . = ALIGN (0x4)
                0x2000043c                _erelocate = .

.bss            0x2000043c       0xac load address 0x00081adc
                0x2000043c                . = ALIGN (0x4)
                0x2000043c                _sbss = .
                0x2000043c                _szero = .
 *(.bss .bss.*)
 .bss           0x2000043c       0x1c c:/program files (x86)/atmel/studio/7.0/toolchain/arm/arm-gnu-toolchain/bin/../lib/gcc/arm-none-eabi/6.3.1/thumb/v7-m/crtbegin.o
 .bss           0x20000458        0x4 Game.o
                0x20000458                counter
 .bss           0x2000045c       0x1c PID.o
 .bss           0x20000478        0x4 Solenoid.o
                0x20000478                flag
 .bss           0x2000047c        0x4 Timer.o
                0x2000047c                wait_ticks
 *(COMMON)
 COMMON         0x20000480       0x42 uart.o
                0x20000480                rx_buffer
 *fill*         0x200004c2        0x2 
 COMMON         0x200004c4       0x21 c:/program files (x86)/atmel/studio/7.0/toolchain/arm/arm-gnu-toolchain/bin/../lib/gcc/arm-none-eabi/6.3.1/../../../../arm-none-eabi/lib/thumb/v7-m\libc.a(lib_a-lock.o)
                0x200004c4                __lock___atexit_recursive_mutex
                0x200004c8                __lock___arc4random_mutex
                0x200004cc                __lock___env_recursive_mutex
                0x200004d0                __lock___sinit_recursive_mutex
                0x200004d4                __lock___malloc_recursive_mutex
                0x200004d8                __lock___at_quick_exit_mutex
                0x200004dc                __lock___dd_hash_mutex
                0x200004e0                __lock___tz_mutex
                0x200004e4                __lock___sfp_recursive_mutex
                0x200004e8                . = ALIGN (0x4)
 *fill*         0x200004e5        0x3 
                0x200004e8                _ebss = .
                0x200004e8                _ezero = .

.stack          0x200004e8      0x400 load address 0x00081b88
                0x200004e8                . = ALIGN (0x8)
                0x200004e8                _sstack = .
                0x200008e8                . = (. + STACK_SIZE)
 *fill*         0x200004e8      0x400 
                0x200008e8                . = ALIGN (0x8)
                0x200008e8                _estack = .

.heap           0x200008e8      0x200 load address 0x00081f88
                0x200008e8                . = ALIGN (0x8)
                0x200008e8                _sheap = .
                0x20000ae8                . = (. + HEAP_SIZE)
 *fill*         0x200008e8      0x200 
                0x20000ae8                . = ALIGN (0x8)
                0x20000ae8                _eheap = .
                0x20000ae8                . = ALIGN (0x4)
                0x20000ae8                _end = .
                0x20017fff                _ram_end_ = ((ORIGIN (ram) + LENGTH (ram)) - 0x1)
OUTPUT(Node2.elf elf32-littlearm)

.ARM.attributes
                0x00000000       0x29
 .ARM.attributes
                0x00000000       0x1d c:/program files (x86)/atmel/studio/7.0/toolchain/arm/arm-gnu-toolchain/bin/../lib/gcc/arm-none-eabi/6.3.1/thumb/v7-m/crti.o
 .ARM.attributes
                0x0000001d       0x2d c:/program files (x86)/atmel/studio/7.0/toolchain/arm/arm-gnu-toolchain/bin/../lib/gcc/arm-none-eabi/6.3.1/thumb/v7-m/crtbegin.o
 .ARM.attributes
                0x0000004a       0x33 ADC.o
 .ARM.attributes
                0x0000007d       0x33 CAN.o
 .ARM.attributes
                0x000000b0       0x33 can_controller.o
 .ARM.attributes
                0x000000e3       0x33 can_interrupt.o
 .ARM.attributes
                0x00000116       0x33 DAC.o
 .ARM.attributes
                0x00000149       0x33 Device_Startup/startup_sam3xa.o
 .ARM.attributes
                0x0000017c       0x33 Device_Startup/system_sam3xa.o
 .ARM.attributes
                0x000001af       0x33 Game.o
 .ARM.attributes
                0x000001e2       0x33 Joystick.o
 .ARM.attributes
                0x00000215       0x33 main.o
 .ARM.attributes
                0x00000248       0x33 Motor.o
 .ARM.attributes
                0x0000027b       0x33 PID.o
 .ARM.attributes
                0x000002ae       0x33 printf-stdarg.o
 .ARM.attributes
                0x000002e1       0x33 PWM.o
 .ARM.attributes
                0x00000314       0x33 Solenoid.o
 .ARM.attributes
                0x00000347       0x33 Timer.o
 .ARM.attributes
                0x0000037a       0x33 uart.o
 .ARM.attributes
                0x000003ad       0x1d c:/program files (x86)/atmel/studio/7.0/toolchain/arm/arm-gnu-toolchain/bin/../lib/gcc/arm-none-eabi/6.3.1/thumb/v7-m\libgcc.a(_arm_addsubsf3.o)
 .ARM.attributes
                0x000003ca       0x1d c:/program files (x86)/atmel/studio/7.0/toolchain/arm/arm-gnu-toolchain/bin/../lib/gcc/arm-none-eabi/6.3.1/thumb/v7-m\libgcc.a(_arm_muldivsf3.o)
 .ARM.attributes
                0x000003e7       0x1d c:/program files (x86)/atmel/studio/7.0/toolchain/arm/arm-gnu-toolchain/bin/../lib/gcc/arm-none-eabi/6.3.1/thumb/v7-m\libgcc.a(_arm_fixsfsi.o)
 .ARM.attributes
                0x00000404       0x2d c:/program files (x86)/atmel/studio/7.0/toolchain/arm/arm-gnu-toolchain/bin/../lib/gcc/arm-none-eabi/6.3.1/../../../../arm-none-eabi/lib/thumb/v7-m\libc.a(lib_a-impure.o)
 .ARM.attributes
                0x00000431       0x2d c:/program files (x86)/atmel/studio/7.0/toolchain/arm/arm-gnu-toolchain/bin/../lib/gcc/arm-none-eabi/6.3.1/../../../../arm-none-eabi/lib/thumb/v7-m\libc.a(lib_a-init.o)
 .ARM.attributes
                0x0000045e       0x2d c:/program files (x86)/atmel/studio/7.0/toolchain/arm/arm-gnu-toolchain/bin/../lib/gcc/arm-none-eabi/6.3.1/../../../../arm-none-eabi/lib/thumb/v7-m\libc.a(lib_a-__call_atexit.o)
 .ARM.attributes
                0x0000048b       0x2d c:/program files (x86)/atmel/studio/7.0/toolchain/arm/arm-gnu-toolchain/bin/../lib/gcc/arm-none-eabi/6.3.1/../../../../arm-none-eabi/lib/thumb/v7-m\libc.a(lib_a-atexit.o)
 .ARM.attributes
                0x000004b8       0x2d c:/program files (x86)/atmel/studio/7.0/toolchain/arm/arm-gnu-toolchain/bin/../lib/gcc/arm-none-eabi/6.3.1/../../../../arm-none-eabi/lib/thumb/v7-m\libc.a(lib_a-fini.o)
 .ARM.attributes
                0x000004e5       0x2d c:/program files (x86)/atmel/studio/7.0/toolchain/arm/arm-gnu-toolchain/bin/../lib/gcc/arm-none-eabi/6.3.1/../../../../arm-none-eabi/lib/thumb/v7-m\libc.a(lib_a-lock.o)
 .ARM.attributes
                0x00000512       0x2d c:/program files (x86)/atmel/studio/7.0/toolchain/arm/arm-gnu-toolchain/bin/../lib/gcc/arm-none-eabi/6.3.1/../../../../arm-none-eabi/lib/thumb/v7-m\libc.a(lib_a-__atexit.o)
 .ARM.attributes
                0x0000053f       0x1d c:/program files (x86)/atmel/studio/7.0/toolchain/arm/arm-gnu-toolchain/bin/../lib/gcc/arm-none-eabi/6.3.1/thumb/v7-m/crtn.o

.comment        0x00000000       0x59
 .comment       0x00000000       0x59 ADC.o
                                 0x5a (size before relaxing)
 .comment       0x00000059       0x5a CAN.o
 .comment       0x00000059       0x5a can_controller.o
 .comment       0x00000059       0x5a can_interrupt.o
 .comment       0x00000059       0x5a DAC.o
 .comment       0x00000059       0x5a Device_Startup/startup_sam3xa.o
 .comment       0x00000059       0x5a Device_Startup/system_sam3xa.o
 .comment       0x00000059       0x5a Game.o
 .comment       0x00000059       0x5a Joystick.o
 .comment       0x00000059       0x5a main.o
 .comment       0x00000059       0x5a Motor.o
 .comment       0x00000059       0x5a PID.o
 .comment       0x00000059       0x5a printf-stdarg.o
 .comment       0x00000059       0x5a PWM.o
 .comment       0x00000059       0x5a Solenoid.o
 .comment       0x00000059       0x5a Timer.o
 .comment       0x00000059       0x5a uart.o

.debug_info     0x00000000     0x74b1
 .debug_info    0x00000000      0x63c ADC.o
 .debug_info    0x0000063c      0x32e CAN.o
 .debug_info    0x0000096a      0xd68 can_controller.o
 .debug_info    0x000016d2     0x104e can_interrupt.o
 .debug_info    0x00002720      0x598 DAC.o
 .debug_info    0x00002cb8      0x74e Device_Startup/startup_sam3xa.o
 .debug_info    0x00003406      0x444 Device_Startup/system_sam3xa.o
 .debug_info    0x0000384a      0x36c Game.o
 .debug_info    0x00003bb6       0x93 Joystick.o
 .debug_info    0x00003c49      0x298 main.o
 .debug_info    0x00003ee1      0x9ac Motor.o
 .debug_info    0x0000488d      0x25c PID.o
 .debug_info    0x00004ae9      0x60b printf-stdarg.o
 .debug_info    0x000050f4      0xb61 PWM.o
 .debug_info    0x00005c55      0x4d9 Solenoid.o
 .debug_info    0x0000612e      0x738 Timer.o
 .debug_info    0x00006866      0xc4b uart.o

.debug_abbrev   0x00000000     0x1936
 .debug_abbrev  0x00000000      0x13d ADC.o
 .debug_abbrev  0x0000013d      0x144 CAN.o
 .debug_abbrev  0x00000281      0x212 can_controller.o
 .debug_abbrev  0x00000493      0x2dd can_interrupt.o
 .debug_abbrev  0x00000770      0x115 DAC.o
 .debug_abbrev  0x00000885      0x153 Device_Startup/startup_sam3xa.o
 .debug_abbrev  0x000009d8      0x102 Device_Startup/system_sam3xa.o
 .debug_abbrev  0x00000ada      0x1b0 Game.o
 .debug_abbrev  0x00000c8a       0x83 Joystick.o
 .debug_abbrev  0x00000d0d      0x10e main.o
 .debug_abbrev  0x00000e1b      0x1ed Motor.o
 .debug_abbrev  0x00001008      0x139 PID.o
 .debug_abbrev  0x00001141      0x194 printf-stdarg.o
 .debug_abbrev  0x000012d5      0x104 PWM.o
 .debug_abbrev  0x000013d9      0x120 Solenoid.o
 .debug_abbrev  0x000014f9      0x202 Timer.o
 .debug_abbrev  0x000016fb      0x23b uart.o

.debug_loc      0x00000000     0x1423
 .debug_loc     0x00000000       0x1f ADC.o
 .debug_loc     0x0000001f       0x44 CAN.o
 .debug_loc     0x00000063      0x2b5 can_controller.o
 .debug_loc     0x00000318       0x9f can_interrupt.o
 .debug_loc     0x000003b7       0x20 DAC.o
 .debug_loc     0x000003d7       0x78 Device_Startup/startup_sam3xa.o
 .debug_loc     0x0000044f       0xdd Game.o
 .debug_loc     0x0000052c       0x83 Joystick.o
 .debug_loc     0x000005af       0x2c main.o
 .debug_loc     0x000005db      0x217 Motor.o
 .debug_loc     0x000007f2       0xf5 PID.o
 .debug_loc     0x000008e7      0x8d2 printf-stdarg.o
 .debug_loc     0x000011b9       0x4d PWM.o
 .debug_loc     0x00001206       0x58 Solenoid.o
 .debug_loc     0x0000125e       0xf7 Timer.o
 .debug_loc     0x00001355       0xce uart.o

.debug_aranges  0x00000000      0x328
 .debug_aranges
                0x00000000       0x38 ADC.o
 .debug_aranges
                0x00000038       0x20 CAN.o
 .debug_aranges
                0x00000058       0x38 can_controller.o
 .debug_aranges
                0x00000090       0x28 can_interrupt.o
 .debug_aranges
                0x000000b8       0x28 DAC.o
 .debug_aranges
                0x000000e0       0x28 Device_Startup/startup_sam3xa.o
 .debug_aranges
                0x00000108       0x30 Device_Startup/system_sam3xa.o
 .debug_aranges
                0x00000138       0x28 Game.o
 .debug_aranges
                0x00000160       0x20 Joystick.o
 .debug_aranges
                0x00000180       0x20 main.o
 .debug_aranges
                0x000001a0       0x50 Motor.o
 .debug_aranges
                0x000001f0       0x28 PID.o
 .debug_aranges
                0x00000218       0x50 printf-stdarg.o
 .debug_aranges
                0x00000268       0x28 PWM.o
 .debug_aranges
                0x00000290       0x28 Solenoid.o
 .debug_aranges
                0x000002b8       0x38 Timer.o
 .debug_aranges
                0x000002f0       0x38 uart.o

.debug_ranges   0x00000000      0x248
 .debug_ranges  0x00000000       0x28 ADC.o
 .debug_ranges  0x00000028       0x10 CAN.o
 .debug_ranges  0x00000038       0x28 can_controller.o
 .debug_ranges  0x00000060       0x30 can_interrupt.o
 .debug_ranges  0x00000090       0x18 DAC.o
 .debug_ranges  0x000000a8       0x18 Device_Startup/startup_sam3xa.o
 .debug_ranges  0x000000c0       0x20 Device_Startup/system_sam3xa.o
 .debug_ranges  0x000000e0       0x18 Game.o
 .debug_ranges  0x000000f8       0x10 Joystick.o
 .debug_ranges  0x00000108       0x10 main.o
 .debug_ranges  0x00000118       0x40 Motor.o
 .debug_ranges  0x00000158       0x18 PID.o
 .debug_ranges  0x00000170       0x58 printf-stdarg.o
 .debug_ranges  0x000001c8       0x18 PWM.o
 .debug_ranges  0x000001e0       0x18 Solenoid.o
 .debug_ranges  0x000001f8       0x28 Timer.o
 .debug_ranges  0x00000220       0x28 uart.o

.debug_macro    0x00000000    0x13df0
 .debug_macro   0x00000000      0x393 ADC.o
 .debug_macro   0x00000393      0x8b0 ADC.o
 .debug_macro   0x00000c43       0x22 ADC.o
 .debug_macro   0x00000c65       0x87 ADC.o
 .debug_macro   0x00000cec       0x51 ADC.o
 .debug_macro   0x00000d3d       0xef ADC.o
 .debug_macro   0x00000e2c       0x6a ADC.o
 .debug_macro   0x00000e96      0x1df ADC.o
 .debug_macro   0x00001075       0x20 ADC.o
 .debug_macro   0x00001095       0x1c ADC.o
 .debug_macro   0x000010b1       0x22 ADC.o
 .debug_macro   0x000010d3       0xc3 ADC.o
 .debug_macro   0x00001196      0xe49 ADC.o
 .debug_macro   0x00001fdf      0x11f ADC.o
 .debug_macro   0x000020fe      0xa7d ADC.o
 .debug_macro   0x00002b7b      0x55a ADC.o
 .debug_macro   0x000030d5      0x1a8 ADC.o
 .debug_macro   0x0000327d      0x30b ADC.o
 .debug_macro   0x00003588      0x709 ADC.o
 .debug_macro   0x00003c91       0xd6 ADC.o
 .debug_macro   0x00003d67      0x56c ADC.o
 .debug_macro   0x000042d3       0x1c ADC.o
 .debug_macro   0x000042ef      0x678 ADC.o
 .debug_macro   0x00004967      0x51e ADC.o
 .debug_macro   0x00004e85       0xbe ADC.o
 .debug_macro   0x00004f43     0x2333 ADC.o
 .debug_macro   0x00007276      0x7d1 ADC.o
 .debug_macro   0x00007a47      0xdbb ADC.o
 .debug_macro   0x00008802       0x9a ADC.o
 .debug_macro   0x0000889c      0x29c ADC.o
 .debug_macro   0x00008b38       0x58 ADC.o
 .debug_macro   0x00008b90      0x999 ADC.o
 .debug_macro   0x00009529      0x22d ADC.o
 .debug_macro   0x00009756      0x4b4 ADC.o
 .debug_macro   0x00009c0a      0x64a ADC.o
 .debug_macro   0x0000a254      0x590 ADC.o
 .debug_macro   0x0000a7e4       0x46 ADC.o
 .debug_macro   0x0000a82a      0x33f ADC.o
 .debug_macro   0x0000ab69      0x27e ADC.o
 .debug_macro   0x0000ade7     0x14dc ADC.o
 .debug_macro   0x0000c2c3      0x7cf ADC.o
 .debug_macro   0x0000ca92       0x76 ADC.o
 .debug_macro   0x0000cb08       0x82 ADC.o
 .debug_macro   0x0000cb8a       0x76 ADC.o
 .debug_macro   0x0000cc00       0x4c ADC.o
 .debug_macro   0x0000cc4c      0x100 ADC.o
 .debug_macro   0x0000cd4c      0x100 ADC.o
 .debug_macro   0x0000ce4c      0x100 ADC.o
 .debug_macro   0x0000cf4c       0x88 ADC.o
 .debug_macro   0x0000cfd4       0x88 ADC.o
 .debug_macro   0x0000d05c      0x3b4 ADC.o
 .debug_macro   0x0000d410       0xbe ADC.o
 .debug_macro   0x0000d4ce       0xbe ADC.o
 .debug_macro   0x0000d58c       0xbe ADC.o
 .debug_macro   0x0000d64a       0xbe ADC.o
 .debug_macro   0x0000d708      0x2b8 ADC.o
 .debug_macro   0x0000d9c0      0x118 ADC.o
 .debug_macro   0x0000dad8      0x216 ADC.o
 .debug_macro   0x0000dcee      0x216 ADC.o
 .debug_macro   0x0000df04       0x2e ADC.o
 .debug_macro   0x0000df32       0xac ADC.o
 .debug_macro   0x0000dfde      0x13e ADC.o
 .debug_macro   0x0000e11c       0x7c ADC.o
 .debug_macro   0x0000e198      0x1f6 ADC.o
 .debug_macro   0x0000e38e       0x64 ADC.o
 .debug_macro   0x0000e3f2       0xa6 ADC.o
 .debug_macro   0x0000e498       0x7c ADC.o
 .debug_macro   0x0000e514       0x16 ADC.o
 .debug_macro   0x0000e52a       0x22 ADC.o
 .debug_macro   0x0000e54c       0x22 ADC.o
 .debug_macro   0x0000e56e      0x10c ADC.o
 .debug_macro   0x0000e67a      0x10c ADC.o
 .debug_macro   0x0000e786      0x10c ADC.o
 .debug_macro   0x0000e892      0x10c ADC.o
 .debug_macro   0x0000e99e       0x1c ADC.o
 .debug_macro   0x0000e9ba       0x2e ADC.o
 .debug_macro   0x0000e9e8       0x22 ADC.o
 .debug_macro   0x0000ea0a       0x1c ADC.o
 .debug_macro   0x0000ea26       0x58 ADC.o
 .debug_macro   0x0000ea7e       0x10 ADC.o
 .debug_macro   0x0000ea8e      0x27a ADC.o
 .debug_macro   0x0000ed08      0xd34 ADC.o
 .debug_macro   0x0000fa3c      0x170 ADC.o
 .debug_macro   0x0000fbac      0x3cb CAN.o
 .debug_macro   0x0000ff77      0x37f can_controller.o
 .debug_macro   0x000102f6       0x26 can_controller.o
 .debug_macro   0x0001031c      0x519 can_interrupt.o
 .debug_macro   0x00010835       0x52 can_interrupt.o
 .debug_macro   0x00010887       0x8d can_interrupt.o
 .debug_macro   0x00010914       0x35 can_interrupt.o
 .debug_macro   0x00010949       0x9c can_interrupt.o
 .debug_macro   0x000109e5       0x16 can_interrupt.o
 .debug_macro   0x000109fb       0x57 can_interrupt.o
 .debug_macro   0x00010a52       0x97 can_interrupt.o
 .debug_macro   0x00010ae9      0x353 can_interrupt.o
 .debug_macro   0x00010e3c       0xf6 can_interrupt.o
 .debug_macro   0x00010f32       0x10 can_interrupt.o
 .debug_macro   0x00010f42       0x58 can_interrupt.o
 .debug_macro   0x00010f9a       0x1f can_interrupt.o
 .debug_macro   0x00010fb9       0x43 can_interrupt.o
 .debug_macro   0x00010ffc       0x20 can_interrupt.o
 .debug_macro   0x0001101c      0x187 can_interrupt.o
 .debug_macro   0x000111a3       0x10 can_interrupt.o
 .debug_macro   0x000111b3       0x1c can_interrupt.o
 .debug_macro   0x000111cf       0x52 can_interrupt.o
 .debug_macro   0x00011221       0x40 can_interrupt.o
 .debug_macro   0x00011261       0x10 can_interrupt.o
 .debug_macro   0x00011271       0x40 can_interrupt.o
 .debug_macro   0x000112b1       0xd7 can_interrupt.o
 .debug_macro   0x00011388       0x16 can_interrupt.o
 .debug_macro   0x0001139e      0x18b can_interrupt.o
 .debug_macro   0x00011529       0xbd can_interrupt.o
 .debug_macro   0x000115e6      0x371 DAC.o
 .debug_macro   0x00011957      0x371 Device_Startup/startup_sam3xa.o
 .debug_macro   0x00011cc8      0x383 Device_Startup/system_sam3xa.o
 .debug_macro   0x0001204b      0x385 Game.o
 .debug_macro   0x000123d0       0x11 Joystick.o
 .debug_macro   0x000123e1      0x3f2 main.o
 .debug_macro   0x000127d3       0x10 main.o
 .debug_macro   0x000127e3      0x3ad Motor.o
 .debug_macro   0x00012b90      0x37b PID.o
 .debug_macro   0x00012f0b       0x8e printf-stdarg.o
 .debug_macro   0x00012f99       0x58 printf-stdarg.o
 .debug_macro   0x00012ff1      0x37b PWM.o
 .debug_macro   0x0001336c      0x385 Solenoid.o
 .debug_macro   0x000136f1      0x38b Timer.o
 .debug_macro   0x00013a7c      0x374 uart.o

.debug_line     0x00000000     0x7433
 .debug_line    0x00000000      0x741 ADC.o
 .debug_line    0x00000741      0x78f CAN.o
 .debug_line    0x00000ed0      0x7de can_controller.o
 .debug_line    0x000016ae      0x8db can_interrupt.o
 .debug_line    0x00001f89      0x6fe DAC.o
 .debug_line    0x00002687      0x728 Device_Startup/startup_sam3xa.o
 .debug_line    0x00002daf      0x785 Device_Startup/system_sam3xa.o
 .debug_line    0x00003534      0x758 Game.o
 .debug_line    0x00003c8c       0x47 Joystick.o
 .debug_line    0x00003cd3      0x7a2 main.o
 .debug_line    0x00004475      0x7cb Motor.o
 .debug_line    0x00004c40      0x718 PID.o
 .debug_line    0x00005358      0x3cb printf-stdarg.o
 .debug_line    0x00005723      0x70e PWM.o
 .debug_line    0x00005e31      0x72c Solenoid.o
 .debug_line    0x0000655d      0x76d Timer.o
 .debug_line    0x00006cca      0x769 uart.o

.debug_str      0x00000000    0x556c6
 .debug_str     0x00000000    0x50068 ADC.o
                              0x5020f (size before relaxing)
 .debug_str     0x00050068      0x150 CAN.o
                              0x500f2 (size before relaxing)
 .debug_str     0x000501b8      0x58f can_controller.o
                              0x506de (size before relaxing)
 .debug_str     0x00050747     0x40b4 can_interrupt.o
                              0x54558 (size before relaxing)
 .debug_str     0x000547fb       0xd5 DAC.o
                              0x5019a (size before relaxing)
 .debug_str     0x000548d0      0x542 Device_Startup/startup_sam3xa.o
                              0x504b1 (size before relaxing)
 .debug_str     0x00054e12      0x195 Device_Startup/system_sam3xa.o
                              0x50244 (size before relaxing)
 .debug_str     0x00054fa7       0x56 Game.o
                              0x5007b (size before relaxing)
 .debug_str     0x00054ffd       0x2b Joystick.o
                               0x2546 (size before relaxing)
 .debug_str     0x00055028       0x9d main.o
                              0x500ea (size before relaxing)
 .debug_str     0x000550c5       0xa6 Motor.o
                              0x503fe (size before relaxing)
 .debug_str     0x0005516b       0x46 PID.o
                              0x4fff7 (size before relaxing)
 .debug_str     0x000551b1      0x17a printf-stdarg.o
                               0x3637 (size before relaxing)
 .debug_str     0x0005532b      0x1fc PWM.o
                              0x5047e (size before relaxing)
 .debug_str     0x00055527       0x1e Solenoid.o
                              0x501ca (size before relaxing)
 .debug_str     0x00055545       0x7e Timer.o
                              0x50350 (size before relaxing)
 .debug_str     0x000555c3      0x103 uart.o
                              0x5068e (size before relaxing)

.debug_frame    0x00000000      0x83c
 .debug_frame   0x00000000       0x50 ADC.o
 .debug_frame   0x00000050       0x34 CAN.o
 .debug_frame   0x00000084       0x80 can_controller.o
 .debug_frame   0x00000104       0x4c can_interrupt.o
 .debug_frame   0x00000150       0x38 DAC.o
 .debug_frame   0x00000188       0x38 Device_Startup/startup_sam3xa.o
 .debug_frame   0x000001c0       0x40 Device_Startup/system_sam3xa.o
 .debug_frame   0x00000200       0x44 Game.o
 .debug_frame   0x00000244       0x20 Joystick.o
 .debug_frame   0x00000264       0x28 main.o
 .debug_frame   0x0000028c       0xb4 Motor.o
 .debug_frame   0x00000340       0x4c PID.o
 .debug_frame   0x0000038c      0x124 printf-stdarg.o
 .debug_frame   0x000004b0       0x38 PWM.o
 .debug_frame   0x000004e8       0x3c Solenoid.o
 .debug_frame   0x00000524       0x58 Timer.o
 .debug_frame   0x0000057c       0x58 uart.o
 .debug_frame   0x000005d4       0x4c c:/program files (x86)/atmel/studio/7.0/toolchain/arm/arm-gnu-toolchain/bin/../lib/gcc/arm-none-eabi/6.3.1/thumb/v7-m\libgcc.a(_arm_addsubsf3.o)
 .debug_frame   0x00000620       0x38 c:/program files (x86)/atmel/studio/7.0/toolchain/arm/arm-gnu-toolchain/bin/../lib/gcc/arm-none-eabi/6.3.1/thumb/v7-m\libgcc.a(_arm_muldivsf3.o)
 .debug_frame   0x00000658       0x24 c:/program files (x86)/atmel/studio/7.0/toolchain/arm/arm-gnu-toolchain/bin/../lib/gcc/arm-none-eabi/6.3.1/thumb/v7-m\libgcc.a(_arm_fixsfsi.o)
 .debug_frame   0x0000067c       0x2c c:/program files (x86)/atmel/studio/7.0/toolchain/arm/arm-gnu-toolchain/bin/../lib/gcc/arm-none-eabi/6.3.1/../../../../arm-none-eabi/lib/thumb/v7-m\libc.a(lib_a-init.o)
 .debug_frame   0x000006a8       0x5c c:/program files (x86)/atmel/studio/7.0/toolchain/arm/arm-gnu-toolchain/bin/../lib/gcc/arm-none-eabi/6.3.1/../../../../arm-none-eabi/lib/thumb/v7-m\libc.a(lib_a-__call_atexit.o)
 .debug_frame   0x00000704       0x20 c:/program files (x86)/atmel/studio/7.0/toolchain/arm/arm-gnu-toolchain/bin/../lib/gcc/arm-none-eabi/6.3.1/../../../../arm-none-eabi/lib/thumb/v7-m\libc.a(lib_a-atexit.o)
 .debug_frame   0x00000724       0x34 c:/program files (x86)/atmel/studio/7.0/toolchain/arm/arm-gnu-toolchain/bin/../lib/gcc/arm-none-eabi/6.3.1/../../../../arm-none-eabi/lib/thumb/v7-m\libc.a(lib_a-fini.o)
 .debug_frame   0x00000758       0xb0 c:/program files (x86)/atmel/studio/7.0/toolchain/arm/arm-gnu-toolchain/bin/../lib/gcc/arm-none-eabi/6.3.1/../../../../arm-none-eabi/lib/thumb/v7-m\libc.a(lib_a-lock.o)
 .debug_frame   0x00000808       0x34 c:/program files (x86)/atmel/studio/7.0/toolchain/arm/arm-gnu-toolchain/bin/../lib/gcc/arm-none-eabi/6.3.1/../../../../arm-none-eabi/lib/thumb/v7-m\libc.a(lib_a-__atexit.o)
